src/pages/DashboardHome.tsx(1,10): error TS6133: 'useEffect' is declared but its value is never read.
src/pages/DashboardHome.tsx(26,12): error TS6133: 'selectedRange' is declared but its value is never read.
src/pages/DashboardHome.tsx(26,27): error TS6133: 'setSelectedRange' is declared but its value is never read.
